[www.fusioninvoice.com/docs/2018.html]
[backblue.gif]
[fade.gif]
[index.html]
[maxcdn.bootstrapcdn.com/bootstrap/3.3.2/css/bootstrap.min.css]
[www.fusioninvoice.com/assets/css/style.css]
[www.fusioninvoice.com/assets/css/font-awesome.min.css]
[fonts.googleapis.com/css1082.css]
[www.fusioninvoice.com/assets/js/jquery.min.js]
[maxcdn.bootstrapcdn.com/bootstrap/3.3.2/js/bootstrap.min.js]
[www.fusioninvoice.com/assets/js/errors.js]
[www.google-analytics.com/analytics.js]
[external.html]
[www.fusioninvoice.com/assets/img/logo.png]
[www.fusioninvoice.com/docs/2017.html]
[www.fusioninvoice.com/docs/2016.html]
[www.fusioninvoice.com/docs/2018/About-FusionInvoice/Requirements.html]
[www.fusioninvoice.com/docs/2018/About-FusionInvoice/License.html]
[www.fusioninvoice.com/docs/2018/About-FusionInvoice/Support.html]
[www.fusioninvoice.com/docs/2018/About-FusionInvoice/Release-Notes.html]
[www.fusioninvoice.com/docs/2018/Setup/Installation.html]
[www.fusioninvoice.com/docs/2018/Setup/Upgrade.html]
[www.fusioninvoice.com/docs/2018/Setup/Task-Scheduler.html]
[www.fusioninvoice.com/docs/2018/User-Guides/Clients.html]
[www.fusioninvoice.com/docs/2018/User-Guides/Quotes.html]
[www.fusioninvoice.com/docs/2018/User-Guides/Invoices.html]
[www.fusioninvoice.com/docs/2018/User-Guides/Recurring-Invoices.html]
[www.fusioninvoice.com/docs/2018/User-Guides/Payments.html]
[www.fusioninvoice.com/docs/2018/User-Guides/Expenses.html]
[www.fusioninvoice.com/docs/2018/User-Guides/System-Settings.html]
[www.fusioninvoice.com/docs/2018/User-Guides/Importing-Data.html]
[www.fusioninvoice.com/docs/2018/User-Guides/REST-API.html]
[www.fusioninvoice.com/docs/2018/Add-ons/Time-Tracking.html]
[www.fusioninvoice.com/docs/2018/Customization/Custom-Fields.html]
[www.fusioninvoice.com/docs/2018/Customization/Invoice-Templates.html]
[www.fusioninvoice.com/docs/2018/Customization/Email-Templates.html]
[www.fusioninvoice.com/docs/2018/Customization/Translations.html]
[www.fusioninvoice.com/docs/2018/FAQ/Frequently-Asked-Questions.html]
[www.fusioninvoice.com/docs/2018.html]
[fonts.googleapis.com/css1082.css]
[www.fusioninvoice.com/docs/2017/About-FusionInvoice/Requirements.html]
[www.fusioninvoice.com/docs/2017/About-FusionInvoice/License.html]
[www.fusioninvoice.com/docs/2017/About-FusionInvoice/Support.html]
[www.fusioninvoice.com/docs/2017/About-FusionInvoice/Release-Notes.html]
[www.fusioninvoice.com/docs/2017/Setup/Installation.html]
[www.fusioninvoice.com/docs/2017/Setup/Upgrade.html]
[www.fusioninvoice.com/docs/2017/Setup/Task-Scheduler.html]
[www.fusioninvoice.com/docs/2017/User-Guides/Clients.html]
[www.fusioninvoice.com/docs/2017/User-Guides/Quotes.html]
[www.fusioninvoice.com/docs/2017/User-Guides/Invoices.html]
[www.fusioninvoice.com/docs/2017/User-Guides/Recurring-Invoices.html]
[www.fusioninvoice.com/docs/2017/User-Guides/Payments.html]
[www.fusioninvoice.com/docs/2017/User-Guides/Expenses.html]
[www.fusioninvoice.com/docs/2017/User-Guides/Importing-Data.html]
[www.fusioninvoice.com/docs/2017/User-Guides/REST-API.html]
[www.fusioninvoice.com/docs/2017/Add-ons/Time-Tracking.html]
[www.fusioninvoice.com/docs/2017/Customization/Custom-Fields.html]
[www.fusioninvoice.com/docs/2017/Customization/Invoice-Templates.html]
[www.fusioninvoice.com/docs/2017/Customization/Email-Templates.html]
[www.fusioninvoice.com/docs/2017/Customization/Translations.html]
[www.fusioninvoice.com/docs/2017/FAQ/Frequently-Asked-Questions.html]
[www.fusioninvoice.com/docs/2017.html]
[www.fusioninvoice.com/docs/2016/About-FusionInvoice/Requirements.html]
[www.fusioninvoice.com/docs/2016/About-FusionInvoice/License.html]
[www.fusioninvoice.com/docs/2016/About-FusionInvoice/Support.html]
[www.fusioninvoice.com/docs/2016/About-FusionInvoice/Release-Notes.html]
[www.fusioninvoice.com/docs/2016/Setup/Installation.html]
[www.fusioninvoice.com/docs/2016/Setup/Upgrade.html]
[www.fusioninvoice.com/docs/2016/Setup/Upgrading-from-FusionInvoice-v2.html]
[www.fusioninvoice.com/docs/2016/Setup/Task-Scheduler.html]
[www.fusioninvoice.com/docs/2016/User-Guides/Invoices.html]
[www.fusioninvoice.com/docs/2016/User-Guides/Quotes.html]
[www.fusioninvoice.com/docs/2016/User-Guides/Clients.html]
[www.fusioninvoice.com/docs/2016/User-Guides/Payments.html]
[www.fusioninvoice.com/docs/2016/User-Guides/Expenses.html]
[www.fusioninvoice.com/docs/2016/User-Guides/Importing-Data.html]
[www.fusioninvoice.com/docs/2016/User-Guides/REST-API.html]
[www.fusioninvoice.com/docs/2016/Customization/Invoice-Templates.html]
[www.fusioninvoice.com/docs/2016/Customization/Email-Templates.html]
[www.fusioninvoice.com/docs/2016/Customization/Translations.html]
[www.fusioninvoice.com/docs/2016/FAQ/Frequently-Asked-Questions.html]
[www.fusioninvoice.com/docs/2016.html]
[www.fusioninvoice.com/docs/2018/About-FusionInvoice/Requirements.html]
[www.fusioninvoice.com/docs/2018/About-FusionInvoice/License.html]
[www.fusioninvoice.com/docs/2018/About-FusionInvoice/Support.html]
[www.fusioninvoice.com/docs/2018/About-FusionInvoice/Release-Notes.html]
[www.fusioninvoice.com/docs/2018/Setup/Installation.html]
[www.fusioninvoice.com/docs/2018/Setup/Upgrade.html]
[www.fusioninvoice.com/docs/2018/Setup/Task-Scheduler.html]
[www.fusioninvoice.com/assets/img/docs/2018/client_create.png]
[www.fusioninvoice.com/assets/img/docs/2018/client_create_small.png]
[www.fusioninvoice.com/assets/img/docs/2018/client_create2.png]
[www.fusioninvoice.com/assets/img/docs/2018/client_create2_small.png]
[www.fusioninvoice.com/assets/img/docs/2018/client_contact1.png]
[www.fusioninvoice.com/assets/img/docs/2018/client_contact1_small.png]
[www.fusioninvoice.com/assets/img/docs/2018/client_contact2.png]
[www.fusioninvoice.com/assets/img/docs/2018/client_contact2_small.png]
[www.fusioninvoice.com/assets/img/docs/2018/client_contact3.png]
[www.fusioninvoice.com/assets/img/docs/2018/client_contact3_small.png]
[www.fusioninvoice.com/assets/img/docs/2018/client_contact4.png]
[www.fusioninvoice.com/assets/img/docs/2018/client_contact4_small.png]
[www.fusioninvoice.com/assets/img/docs/2018/user_account_client1.png]
[www.fusioninvoice.com/assets/img/docs/2018/user_account_client1_small.png]
[www.fusioninvoice.com/assets/img/docs/2018/user_account_client2.png]
[www.fusioninvoice.com/assets/img/docs/2018/user_account_client2_small.png]
[www.fusioninvoice.com/assets/img/docs/2018/user_account_client3.png]
[www.fusioninvoice.com/assets/img/docs/2018/user_account_client3_small.png]
[www.fusioninvoice.com/assets/img/docs/2018/user_account_client4.png]
[www.fusioninvoice.com/assets/img/docs/2018/user_account_client4_small.png]
[www.fusioninvoice.com/assets/img/docs/2018/client_edit.png]
[www.fusioninvoice.com/assets/img/docs/2018/client_edit_small.png]
[www.fusioninvoice.com/assets/img/docs/2018/client_localization.png]
[www.fusioninvoice.com/assets/img/docs/2018/client_localization_small.png]
[www.fusioninvoice.com/docs/2018/User-Guides/Clients.html]
[www.fusioninvoice.com/assets/img/docs/2018/quote_create.png]
[www.fusioninvoice.com/assets/img/docs/2018/quote_create_small.png]
[www.fusioninvoice.com/assets/img/docs/2018/quote_create2.png]
[www.fusioninvoice.com/assets/img/docs/2018/quote_create2_small.png]
[www.fusioninvoice.com/assets/img/docs/2018/quote_edit.png]
[www.fusioninvoice.com/assets/img/docs/2018/quote_edit_small.png]
[www.fusioninvoice.com/assets/img/docs/2018/quote_email.png]
[www.fusioninvoice.com/assets/img/docs/2018/quote_email_small.png]
[www.fusioninvoice.com/assets/img/docs/2018/quote_email2.png]
[www.fusioninvoice.com/assets/img/docs/2018/quote_email2_small.png]
[www.fusioninvoice.com/assets/img/docs/2018/quote_to_invoice.png]
[www.fusioninvoice.com/assets/img/docs/2018/quote_to_invoice_small.png]
[www.fusioninvoice.com/assets/img/docs/2018/quote_to_invoice2.png]
[www.fusioninvoice.com/assets/img/docs/2018/quote_to_invoice2_small.png]
[www.fusioninvoice.com/assets/img/docs/2018/quote_copy.png]
[www.fusioninvoice.com/assets/img/docs/2018/quote_copy_small.png]
[www.fusioninvoice.com/assets/img/docs/2018/quote_copy2.png]
[www.fusioninvoice.com/assets/img/docs/2018/quote_copy2_small.png]
[www.fusioninvoice.com/assets/img/docs/2018/quote_attachments.png]
[www.fusioninvoice.com/assets/img/docs/2018/quote_attachments_small.png]
[www.fusioninvoice.com/docs/2018/User-Guides/Quotes.html]
[www.fusioninvoice.com/assets/img/docs/2018/invoice_create.png]
[www.fusioninvoice.com/assets/img/docs/2018/invoice_create_small.png]
[www.fusioninvoice.com/assets/img/docs/2018/invoice_create2.png]
[www.fusioninvoice.com/assets/img/docs/2018/invoice_create2_small.png]
[www.fusioninvoice.com/assets/img/docs/2018/invoice_edit.png]
[www.fusioninvoice.com/assets/img/docs/2018/invoice_edit_small.png]
[www.fusioninvoice.com/assets/img/docs/2018/invoice_email.png]
[www.fusioninvoice.com/assets/img/docs/2018/invoice_email_small.png]
[www.fusioninvoice.com/assets/img/docs/2018/invoice_email2.png]
[www.fusioninvoice.com/assets/img/docs/2018/invoice_email2_small.png]
[www.fusioninvoice.com/assets/img/docs/2018/invoice_enter_payment.png]
[www.fusioninvoice.com/assets/img/docs/2018/invoice_enter_payment_small.png]
[www.fusioninvoice.com/assets/img/docs/2018/invoice_enter_payment2.png]
[www.fusioninvoice.com/assets/img/docs/2018/invoice_enter_payment2_small.png]
[www.fusioninvoice.com/assets/img/docs/2018/invoice_copy.png]
[www.fusioninvoice.com/assets/img/docs/2018/invoice_copy_small.png]
[www.fusioninvoice.com/assets/img/docs/2018/invoice_copy2.png]
[www.fusioninvoice.com/assets/img/docs/2018/invoice_copy2_small.png]
[www.fusioninvoice.com/assets/img/docs/2018/invoice_attachments.png]
[www.fusioninvoice.com/assets/img/docs/2018/invoice_attachments_small.png]
[www.fusioninvoice.com/docs/2018/User-Guides/Invoices.html]
[www.fusioninvoice.com/assets/img/docs/2018/recurring_invoice_create.png]
[www.fusioninvoice.com/assets/img/docs/2018/recurring_invoice_create_small.png]
[www.fusioninvoice.com/assets/img/docs/2018/recurring_invoice_create2.png]
[www.fusioninvoice.com/assets/img/docs/2018/recurring_invoice_create2_small.png]
[www.fusioninvoice.com/assets/img/docs/2018/recurring_invoice_edit.png]
[www.fusioninvoice.com/assets/img/docs/2018/recurring_invoice_edit_small.png]
[www.fusioninvoice.com/assets/img/docs/2018/recurring_invoice_copy.png]
[www.fusioninvoice.com/assets/img/docs/2018/recurring_invoice_copy_small.png]
[www.fusioninvoice.com/assets/img/docs/2018/recurring_invoice_copy2.png]
[www.fusioninvoice.com/assets/img/docs/2018/recurring_invoice_copy2_small.png]
[www.fusioninvoice.com/docs/2018/User-Guides/Recurring-Invoices.html]
[www.fusioninvoice.com/assets/img/docs/2018/system_settings.png]
[www.fusioninvoice.com/assets/img/docs/2018/system_settings_small.png]
[www.fusioninvoice.com/assets/img/docs/2018/system_settings_online_payments.png]
[www.fusioninvoice.com/assets/img/docs/2018/system_settings_online_payments_small.png]
[www.fusioninvoice.com/assets/img/docs/2018/online_payments_paypal_rest1.png]
[www.fusioninvoice.com/assets/img/docs/2018/online_payments_paypal_rest1_small.png]
[www.fusioninvoice.com/assets/img/docs/2018/online_payments_paypal_rest2.png]
[www.fusioninvoice.com/assets/img/docs/2018/online_payments_paypal_rest2_small.png]
[www.fusioninvoice.com/assets/img/docs/2018/online_payments_paypal_rest3.png]
[www.fusioninvoice.com/assets/img/docs/2018/online_payments_paypal_rest3_small.png]
[www.fusioninvoice.com/assets/img/docs/2018/payment_online.png]
[www.fusioninvoice.com/assets/img/docs/2018/payment_online_small.png]
[www.fusioninvoice.com/docs/2018/User-Guides/Payments.html]
[www.fusioninvoice.com/assets/img/docs/2018/expense_create.png]
[www.fusioninvoice.com/assets/img/docs/2018/expense_create_small.png]
[www.fusioninvoice.com/assets/img/docs/2018/expense_create2.png]
[www.fusioninvoice.com/assets/img/docs/2018/expense_create2_small.png]
[www.fusioninvoice.com/assets/img/docs/2018/expense_bill.png]
[www.fusioninvoice.com/assets/img/docs/2018/expense_bill_small.png]
[www.fusioninvoice.com/assets/img/docs/2018/expense_bill2.png]
[www.fusioninvoice.com/assets/img/docs/2018/expense_bill2_small.png]
[www.fusioninvoice.com/assets/img/docs/2018/expense_profit_loss.png]
[www.fusioninvoice.com/assets/img/docs/2018/expense_profit_loss_small.png]
[www.fusioninvoice.com/docs/2018/User-Guides/Expenses.html]
[www.fusioninvoice.com/docs/2018/User-Guides/System-Settings.html]
[www.fusioninvoice.com/docs/2018/User-Guides/Importing-Data.html]
[www.fusioninvoice.com/docs/2018/User-Guides/REST-API.html]
[www.fusioninvoice.com/assets/img/docs/2018/time_tracking1.png]
[www.fusioninvoice.com/assets/img/docs/2018/time_tracking1_small.png]
[www.fusioninvoice.com/assets/img/docs/2018/time_tracking_create_project1.png]
[www.fusioninvoice.com/assets/img/docs/2018/time_tracking_create_project1_small.png]
[www.fusioninvoice.com/assets/img/docs/2018/time_tracking_create_project2.png]
[www.fusioninvoice.com/assets/img/docs/2018/time_tracking_create_project2_small.png]
[www.fusioninvoice.com/assets/img/docs/2018/time_tracking_add_task1.png]
[www.fusioninvoice.com/assets/img/docs/2018/time_tracking_add_task1_small.png]
[www.fusioninvoice.com/assets/img/docs/2018/time_tracking_add_task2.png]
[www.fusioninvoice.com/assets/img/docs/2018/time_tracking_add_task2_small.png]
[www.fusioninvoice.com/assets/img/docs/2018/time_tracking_add_task3.png]
[www.fusioninvoice.com/assets/img/docs/2018/time_tracking_add_task3_small.png]
[www.fusioninvoice.com/assets/img/docs/2018/time_tracking_task_timers1.png]
[www.fusioninvoice.com/assets/img/docs/2018/time_tracking_task_timers1_small.png]
[www.fusioninvoice.com/assets/img/docs/2018/time_tracking_task_timers2.png]
[www.fusioninvoice.com/assets/img/docs/2018/time_tracking_task_timers2_small.png]
[www.fusioninvoice.com/assets/img/docs/2018/time_tracking_task_timers3.png]
[www.fusioninvoice.com/assets/img/docs/2018/time_tracking_task_timers3_small.png]
[www.fusioninvoice.com/assets/img/docs/2018/time_tracking_bill_task1.png]
[www.fusioninvoice.com/assets/img/docs/2018/time_tracking_bill_task1_small.png]
[www.fusioninvoice.com/assets/img/docs/2018/time_tracking_bill_task2.png]
[www.fusioninvoice.com/assets/img/docs/2018/time_tracking_bill_task2_small.png]
[www.fusioninvoice.com/assets/img/docs/2018/time_tracking_bill_task3.png]
[www.fusioninvoice.com/assets/img/docs/2018/time_tracking_bill_task3_small.png]
[www.fusioninvoice.com/docs/2018/Add-ons/Time-Tracking.html]
[www.fusioninvoice.com/assets/img/docs/2018/custom_fields.png]
[www.fusioninvoice.com/assets/img/docs/2018/custom_fields_small.png]
[www.fusioninvoice.com/assets/img/docs/2018/custom_fields2.png]
[www.fusioninvoice.com/assets/img/docs/2018/custom_fields2_small.png]
[www.fusioninvoice.com/assets/img/docs/2018/custom_fields3.png]
[www.fusioninvoice.com/assets/img/docs/2018/custom_fields3_small.png]
[www.fusioninvoice.com/docs/2018/Customization/Custom-Fields.html]
[www.fusioninvoice.com/docs/2018/Customization/Invoice-Templates.html]
[www.fusioninvoice.com/docs/2018/Customization/Email-Templates.html]
[www.fusioninvoice.com/docs/2018/Customization/Translations.html]
[www.fusioninvoice.com/assets/img/docs/2018/troubleshoot_recurring_invoices.png]
[www.fusioninvoice.com/assets/img/docs/2018/troubleshoot_recurring_invoices_small.png]
[www.fusioninvoice.com/ResetPassword-2018.zip]
[www.fusioninvoice.com/assets/img/docs/faq_dashboard_totals.png]
[www.fusioninvoice.com/assets/img/docs/faq_dashboard_totals_small.png]
[www.fusioninvoice.com/docs/2018/FAQ/Frequently-Asked-Questions.html]
[www.fusioninvoice.com/docs/2017/About-FusionInvoice/Requirements.html]
[www.fusioninvoice.com/docs/2017/About-FusionInvoice/License.html]
[www.fusioninvoice.com/docs/2017/About-FusionInvoice/Support.html]
[www.fusioninvoice.com/docs/2017/About-FusionInvoice/Release-Notes.html]
[www.fusioninvoice.com/docs/2017/Setup/Installation.html]
[www.fusioninvoice.com/docs/2017/Setup/Upgrade.html]
[www.fusioninvoice.com/docs/2017/Setup/Task-Scheduler.html]
[www.fusioninvoice.com/assets/img/docs/2017/client_create.png]
[www.fusioninvoice.com/assets/img/docs/2017/client_create_small.png]
[www.fusioninvoice.com/assets/img/docs/2017/client_create2.png]
[www.fusioninvoice.com/assets/img/docs/2017/client_create2_small.png]
[www.fusioninvoice.com/assets/img/docs/2017/user_account_client1.png]
[www.fusioninvoice.com/assets/img/docs/2017/user_account_client1_small.png]
[www.fusioninvoice.com/assets/img/docs/2017/user_account_client2.png]
[www.fusioninvoice.com/assets/img/docs/2017/user_account_client2_small.png]
[www.fusioninvoice.com/assets/img/docs/2017/user_account_client3.png]
[www.fusioninvoice.com/assets/img/docs/2017/user_account_client3_small.png]
[www.fusioninvoice.com/assets/img/docs/2017/user_account_client4.png]
[www.fusioninvoice.com/assets/img/docs/2017/user_account_client4_small.png]
[www.fusioninvoice.com/assets/img/docs/2017/client_edit.png]
[www.fusioninvoice.com/assets/img/docs/2017/client_edit_small.png]
[www.fusioninvoice.com/assets/img/docs/2017/client_localization.png]
[www.fusioninvoice.com/assets/img/docs/2017/client_localization_small.png]
[www.fusioninvoice.com/docs/2017/User-Guides/Clients.html]
[www.fusioninvoice.com/assets/img/docs/2017/quote_create.png]
[www.fusioninvoice.com/assets/img/docs/2017/quote_create_small.png]
[www.fusioninvoice.com/assets/img/docs/2017/quote_create2.png]
[www.fusioninvoice.com/assets/img/docs/2017/quote_create2_small.png]
[www.fusioninvoice.com/assets/img/docs/2017/quote_edit.png]
[www.fusioninvoice.com/assets/img/docs/2017/quote_edit_small.png]
[www.fusioninvoice.com/assets/img/docs/2017/quote_email.png]
[www.fusioninvoice.com/assets/img/docs/2017/quote_email_small.png]
[www.fusioninvoice.com/assets/img/docs/2017/quote_email2.png]
[www.fusioninvoice.com/assets/img/docs/2017/quote_email2_small.png]
[www.fusioninvoice.com/assets/img/docs/2017/quote_to_invoice.png]
[www.fusioninvoice.com/assets/img/docs/2017/quote_to_invoice_small.png]
[www.fusioninvoice.com/assets/img/docs/2017/quote_to_invoice2.png]
[www.fusioninvoice.com/assets/img/docs/2017/quote_to_invoice2_small.png]
[www.fusioninvoice.com/assets/img/docs/2017/quote_copy.png]
[www.fusioninvoice.com/assets/img/docs/2017/quote_copy_small.png]
[www.fusioninvoice.com/assets/img/docs/2017/quote_copy2.png]
[www.fusioninvoice.com/assets/img/docs/2017/quote_copy2_small.png]
[www.fusioninvoice.com/assets/img/docs/2017/quote_attachments.png]
[www.fusioninvoice.com/assets/img/docs/2017/quote_attachments_small.png]
[www.fusioninvoice.com/docs/2017/User-Guides/Quotes.html]
[www.fusioninvoice.com/assets/img/docs/2017/invoice_create.png]
[www.fusioninvoice.com/assets/img/docs/2017/invoice_create_small.png]
[www.fusioninvoice.com/assets/img/docs/2017/invoice_create2.png]
[www.fusioninvoice.com/assets/img/docs/2017/invoice_create2_small.png]
[www.fusioninvoice.com/assets/img/docs/2017/invoice_edit.png]
[www.fusioninvoice.com/assets/img/docs/2017/invoice_edit_small.png]
[www.fusioninvoice.com/assets/img/docs/2017/invoice_email.png]
[www.fusioninvoice.com/assets/img/docs/2017/invoice_email_small.png]
[www.fusioninvoice.com/assets/img/docs/2017/invoice_email2.png]
[www.fusioninvoice.com/assets/img/docs/2017/invoice_email2_small.png]
[www.fusioninvoice.com/assets/img/docs/2017/invoice_enter_payment.png]
[www.fusioninvoice.com/assets/img/docs/2017/invoice_enter_payment_small.png]
[www.fusioninvoice.com/assets/img/docs/2017/invoice_enter_payment2.png]
[www.fusioninvoice.com/assets/img/docs/2017/invoice_enter_payment2_small.png]
[www.fusioninvoice.com/assets/img/docs/2017/invoice_copy.png]
[www.fusioninvoice.com/assets/img/docs/2017/invoice_copy_small.png]
[www.fusioninvoice.com/assets/img/docs/2017/invoice_copy2.png]
[www.fusioninvoice.com/assets/img/docs/2017/invoice_copy2_small.png]
[www.fusioninvoice.com/assets/img/docs/2017/invoice_attachments.png]
[www.fusioninvoice.com/assets/img/docs/2017/invoice_attachments_small.png]
[www.fusioninvoice.com/docs/2017/User-Guides/Invoices.html]
[www.fusioninvoice.com/assets/img/docs/2017/recurring_invoice_create.png]
[www.fusioninvoice.com/assets/img/docs/2017/recurring_invoice_create_small.png]
[www.fusioninvoice.com/assets/img/docs/2017/recurring_invoice_create2.png]
[www.fusioninvoice.com/assets/img/docs/2017/recurring_invoice_create2_small.png]
[www.fusioninvoice.com/assets/img/docs/2017/recurring_invoice_edit.png]
[www.fusioninvoice.com/assets/img/docs/2017/recurring_invoice_edit_small.png]
[www.fusioninvoice.com/assets/img/docs/2017/recurring_invoice_copy.png]
[www.fusioninvoice.com/assets/img/docs/2017/recurring_invoice_copy_small.png]
[www.fusioninvoice.com/assets/img/docs/2017/recurring_invoice_copy2.png]
[www.fusioninvoice.com/assets/img/docs/2017/recurring_invoice_copy2_small.png]
[www.fusioninvoice.com/docs/2017/User-Guides/Recurring-Invoices.html]
[www.fusioninvoice.com/assets/img/docs/2017/system_settings.png]
[www.fusioninvoice.com/assets/img/docs/2017/system_settings_small.png]
[www.fusioninvoice.com/assets/img/docs/2017/system_settings_online_payments.png]
[www.fusioninvoice.com/assets/img/docs/2017/system_settings_online_payments_small.png]
[www.fusioninvoice.com/assets/img/docs/2017/online_payments_paypal_rest1.png]
[www.fusioninvoice.com/assets/img/docs/2017/online_payments_paypal_rest1_small.png]
[www.fusioninvoice.com/assets/img/docs/2017/online_payments_paypal_rest2.png]
[www.fusioninvoice.com/assets/img/docs/2017/online_payments_paypal_rest2_small.png]
[www.fusioninvoice.com/assets/img/docs/2017/online_payments_paypal_rest3.png]
[www.fusioninvoice.com/assets/img/docs/2017/online_payments_paypal_rest3_small.png]
[www.fusioninvoice.com/assets/img/docs/2017/payment_online.png]
[www.fusioninvoice.com/assets/img/docs/2017/payment_online_small.png]
[www.fusioninvoice.com/docs/2017/User-Guides/Payments.html]
[www.fusioninvoice.com/assets/img/docs/2017/expense_create.png]
[www.fusioninvoice.com/assets/img/docs/2017/expense_create_small.png]
[www.fusioninvoice.com/assets/img/docs/2017/expense_create2.png]
[www.fusioninvoice.com/assets/img/docs/2017/expense_create2_small.png]
[www.fusioninvoice.com/assets/img/docs/2017/expense_bill.png]
[www.fusioninvoice.com/assets/img/docs/2017/expense_bill_small.png]
[www.fusioninvoice.com/assets/img/docs/2017/expense_bill2.png]
[www.fusioninvoice.com/assets/img/docs/2017/expense_bill2_small.png]
[www.fusioninvoice.com/assets/img/docs/2017/expense_profit_loss.png]
[www.fusioninvoice.com/assets/img/docs/2017/expense_profit_loss_small.png]
[www.fusioninvoice.com/docs/2017/User-Guides/Expenses.html]
[www.fusioninvoice.com/docs/2017/User-Guides/Importing-Data.html]
[www.fusioninvoice.com/docs/2017/User-Guides/REST-API.html]
[www.fusioninvoice.com/assets/img/docs/2017/time_tracking1.png]
[www.fusioninvoice.com/assets/img/docs/2017/time_tracking1_small.png]
[www.fusioninvoice.com/assets/img/docs/2017/time_tracking_create_project1.png]
[www.fusioninvoice.com/assets/img/docs/2017/time_tracking_create_project1_small.png]
[www.fusioninvoice.com/assets/img/docs/2017/time_tracking_create_project2.png]
[www.fusioninvoice.com/assets/img/docs/2017/time_tracking_create_project2_small.png]
[www.fusioninvoice.com/assets/img/docs/2017/time_tracking_add_task1.png]
[www.fusioninvoice.com/assets/img/docs/2017/time_tracking_add_task1_small.png]
[www.fusioninvoice.com/assets/img/docs/2017/time_tracking_add_task2.png]
[www.fusioninvoice.com/assets/img/docs/2017/time_tracking_add_task2_small.png]
[www.fusioninvoice.com/assets/img/docs/2017/time_tracking_add_task3.png]
[www.fusioninvoice.com/assets/img/docs/2017/time_tracking_add_task3_small.png]
[www.fusioninvoice.com/assets/img/docs/2017/time_tracking_task_timers1.png]
[www.fusioninvoice.com/assets/img/docs/2017/time_tracking_task_timers1_small.png]
[www.fusioninvoice.com/assets/img/docs/2017/time_tracking_task_timers2.png]
[www.fusioninvoice.com/assets/img/docs/2017/time_tracking_task_timers2_small.png]
[www.fusioninvoice.com/assets/img/docs/2017/time_tracking_task_timers3.png]
[www.fusioninvoice.com/assets/img/docs/2017/time_tracking_task_timers3_small.png]
[www.fusioninvoice.com/assets/img/docs/2017/time_tracking_bill_task1.png]
[www.fusioninvoice.com/assets/img/docs/2017/time_tracking_bill_task1_small.png]
[www.fusioninvoice.com/assets/img/docs/2017/time_tracking_bill_task2.png]
[www.fusioninvoice.com/assets/img/docs/2017/time_tracking_bill_task2_small.png]
[www.fusioninvoice.com/assets/img/docs/2017/time_tracking_bill_task3.png]
[www.fusioninvoice.com/assets/img/docs/2017/time_tracking_bill_task3_small.png]
[www.fusioninvoice.com/docs/2017/Add-ons/Time-Tracking.html]
[www.fusioninvoice.com/assets/img/docs/2017/custom_fields.png]
[www.fusioninvoice.com/assets/img/docs/2017/custom_fields_small.png]
[www.fusioninvoice.com/assets/img/docs/2017/custom_fields2.png]
[www.fusioninvoice.com/assets/img/docs/2017/custom_fields2_small.png]
[www.fusioninvoice.com/assets/img/docs/2017/custom_fields3.png]
[www.fusioninvoice.com/assets/img/docs/2017/custom_fields3_small.png]
[www.fusioninvoice.com/docs/2017/Customization/Custom-Fields.html]
[www.fusioninvoice.com/docs/2017/Customization/Invoice-Templates.html]
[www.fusioninvoice.com/docs/2017/Customization/Email-Templates.html]
[www.fusioninvoice.com/docs/2017/Customization/Translations.html]
[www.fusioninvoice.com/assets/img/docs/2017/troubleshoot_recurring_invoices.png]
[www.fusioninvoice.com/assets/img/docs/2017/troubleshoot_recurring_invoices_small.png]
[www.fusioninvoice.com/ResetPassword-2017.zip]
[www.fusioninvoice.com/docs/2017/FAQ/Frequently-Asked-Questions.html]
[www.fusioninvoice.com/docs/2016/About-FusionInvoice/Requirements.html]
[www.fusioninvoice.com/docs/2016/About-FusionInvoice/License.html]
[www.fusioninvoice.com/docs/2016/About-FusionInvoice/Support.html]
[www.fusioninvoice.com/docs/2016/About-FusionInvoice/Release-Notes.html]
[www.fusioninvoice.com/assets/img/docs/install.png]
[www.fusioninvoice.com/assets/img/docs/install_small.png]
[www.fusioninvoice.com/assets/img/docs/install2.png]
[www.fusioninvoice.com/assets/img/docs/install2_small.png]
[www.fusioninvoice.com/assets/img/docs/install3.png]
[www.fusioninvoice.com/assets/img/docs/install3_small.png]
[www.fusioninvoice.com/docs/2016/Setup/Installation.html]
[www.fusioninvoice.com/assets/img/docs/upgrade.png]
[www.fusioninvoice.com/assets/img/docs/upgrade_small.png]
[www.fusioninvoice.com/docs/2016/Setup/Upgrade.html]
[www.fusioninvoice.com/docs/2016/Setup/Upgrading-from-FusionInvoice-v2.html]
[www.fusioninvoice.com/docs/2016/Setup/Task-Scheduler.html]
[www.fusioninvoice.com/assets/img/docs/create_invoice.png]
[www.fusioninvoice.com/assets/img/docs/create_invoice_small.png]
[www.fusioninvoice.com/assets/img/docs/create_invoice2.png]
[www.fusioninvoice.com/assets/img/docs/create_invoice2_small.png]
[www.fusioninvoice.com/assets/img/docs/create_invoice3.png]
[www.fusioninvoice.com/assets/img/docs/create_invoice3_small.png]
[www.fusioninvoice.com/assets/img/docs/email_invoice.png]
[www.fusioninvoice.com/assets/img/docs/email_invoice_small.png]
[www.fusioninvoice.com/assets/img/docs/email_invoice2.png]
[www.fusioninvoice.com/assets/img/docs/email_invoice2_small.png]
[www.fusioninvoice.com/assets/img/docs/enter_payment.png]
[www.fusioninvoice.com/assets/img/docs/enter_payment_small.png]
[www.fusioninvoice.com/assets/img/docs/enter_payment2.png]
[www.fusioninvoice.com/assets/img/docs/enter_payment2_small.png]
[www.fusioninvoice.com/assets/img/docs/copy_invoice.png]
[www.fusioninvoice.com/assets/img/docs/copy_invoice_small.png]
[www.fusioninvoice.com/assets/img/docs/copy_invoice2.png]
[www.fusioninvoice.com/assets/img/docs/copy_invoice2_small.png]
[www.fusioninvoice.com/assets/img/docs/invoice_attach_files.png]
[www.fusioninvoice.com/assets/img/docs/invoice_attach_files_small.png]
[www.fusioninvoice.com/assets/img/docs/custom_fields.png]
[www.fusioninvoice.com/assets/img/docs/custom_fields_small.png]
[www.fusioninvoice.com/assets/img/docs/recur_existing_invoice.png]
[www.fusioninvoice.com/assets/img/docs/recur_existing_invoice_small.png]
[www.fusioninvoice.com/assets/img/docs/recur_existing_invoice2.png]
[www.fusioninvoice.com/assets/img/docs/recur_existing_invoice2_small.png]
[www.fusioninvoice.com/assets/img/docs/troubleshoot_recurring_invoices.png]
[www.fusioninvoice.com/assets/img/docs/troubleshoot_recurring_invoices_small.png]
[www.fusioninvoice.com/docs/2016/User-Guides/Invoices.html]
[www.fusioninvoice.com/assets/img/docs/create_quote.png]
[www.fusioninvoice.com/assets/img/docs/create_quote_small.png]
[www.fusioninvoice.com/assets/img/docs/create_quote2.png]
[www.fusioninvoice.com/assets/img/docs/create_quote2_small.png]
[www.fusioninvoice.com/assets/img/docs/create_quote3.png]
[www.fusioninvoice.com/assets/img/docs/create_quote3_small.png]
[www.fusioninvoice.com/assets/img/docs/email_quote.png]
[www.fusioninvoice.com/assets/img/docs/email_quote_small.png]
[www.fusioninvoice.com/assets/img/docs/email_quote2.png]
[www.fusioninvoice.com/assets/img/docs/email_quote2_small.png]
[www.fusioninvoice.com/assets/img/docs/convert_quote_invoice.png]
[www.fusioninvoice.com/assets/img/docs/convert_quote_invoice_small.png]
[www.fusioninvoice.com/assets/img/docs/convert_quote_invoice2.png]
[www.fusioninvoice.com/assets/img/docs/convert_quote_invoice2_small.png]
[www.fusioninvoice.com/assets/img/docs/copy_quote.png]
[www.fusioninvoice.com/assets/img/docs/copy_quote_small.png]
[www.fusioninvoice.com/assets/img/docs/copy_quote2.png]
[www.fusioninvoice.com/assets/img/docs/copy_quote2_small.png]
[www.fusioninvoice.com/assets/img/docs/quote_attach_files.png]
[www.fusioninvoice.com/assets/img/docs/quote_attach_files_small.png]
[www.fusioninvoice.com/docs/2016/User-Guides/Quotes.html]
[www.fusioninvoice.com/assets/img/docs/add_client.png]
[www.fusioninvoice.com/assets/img/docs/add_client_small.png]
[www.fusioninvoice.com/assets/img/docs/add_client2.png]
[www.fusioninvoice.com/assets/img/docs/add_client2_small.png]
[www.fusioninvoice.com/assets/img/docs/custom_fields2.png]
[www.fusioninvoice.com/assets/img/docs/custom_fields2_small.png]
[www.fusioninvoice.com/assets/img/docs/custom_field_clients.png]
[www.fusioninvoice.com/assets/img/docs/custom_field_clients_small.png]
[www.fusioninvoice.com/assets/img/docs/client_create_login.png]
[www.fusioninvoice.com/assets/img/docs/client_create_login_small.png]
[www.fusioninvoice.com/assets/img/docs/client_default.png]
[www.fusioninvoice.com/assets/img/docs/client_default_small.png]
[www.fusioninvoice.com/docs/2016/User-Guides/Clients.html]
[www.fusioninvoice.com/assets/img/docs/system_settings.png]
[www.fusioninvoice.com/assets/img/docs/system_settings_small.png]
[www.fusioninvoice.com/assets/img/docs/system_settings_online_payments.png]
[www.fusioninvoice.com/assets/img/docs/system_settings_online_payments_small.png]
[www.fusioninvoice.com/assets/img/docs/public_invoice_online_payment.png]
[www.fusioninvoice.com/assets/img/docs/public_invoice_online_payment_small.png]
[www.fusioninvoice.com/docs/2016/User-Guides/Payments.html]
[www.fusioninvoice.com/assets/img/docs/enter_expense.png]
[www.fusioninvoice.com/assets/img/docs/enter_expense_small.png]
[www.fusioninvoice.com/assets/img/docs/enter_expense2.png]
[www.fusioninvoice.com/assets/img/docs/enter_expense2_small.png]
[www.fusioninvoice.com/assets/img/docs/bill_expense.png]
[www.fusioninvoice.com/assets/img/docs/bill_expense_small.png]
[www.fusioninvoice.com/assets/img/docs/bill_expense2.png]
[www.fusioninvoice.com/assets/img/docs/bill_expense2_small.png]
[www.fusioninvoice.com/assets/img/docs/profit_loss.png]
[www.fusioninvoice.com/assets/img/docs/profit_loss_small.png]
[www.fusioninvoice.com/assets/img/docs/profit_loss2.png]
[www.fusioninvoice.com/assets/img/docs/profit_loss2_small.png]
[www.fusioninvoice.com/docs/2016/User-Guides/Expenses.html]
[www.fusioninvoice.com/docs/2016/User-Guides/Importing-Data.html]
[www.fusioninvoice.com/docs/2016/User-Guides/REST-API.html]
[www.fusioninvoice.com/docs/2016/Customization/Invoice-Templates.html]
[www.fusioninvoice.com/docs/2016/Customization/Email-Templates.html]
[www.fusioninvoice.com/docs/2016/Customization/Translations.html]
[www.fusioninvoice.com/docs/2016/FAQ/Frequently-Asked-Questions.html]
[maxcdn.bootstrapcdn.com/bootstrap/3.3.2/css/bootstrap.min.css]
[maxcdn.bootstrapcdn.com/bootstrap/3.3.2/fonts/glyphicons-halflings-regular.svg]
[www.fusioninvoice.com/assets/css/style.css]
[www.fusioninvoice.com/assets/css/font-awesome.min.css]
[maxcdn.bootstrapcdn.com/bootstrap/3.3.2/fonts/glyphicons-halflings-regular.svg]
[www.fusioninvoice.com/assets/fonts/fontawesome-webfont862f.svg]
